[next-auth][warn][NEXTAUTH_URL] 
https://next-auth.js.org/warnings#nextauth_url
❌ tRPC failed on base.getById: Base "cmn2i12xy00017ktgj9lws9qu" not found
❌ tRPC failed on base.getById: Base "cmn2i12xy00017ktgj9lws9qu" not found
❌ tRPC failed on base.getById: Base "cmn2i12xy00017ktgj9lws9qu" not found
❌ tRPC failed on base.getById: Base "cmn2i12xy00017ktgj9lws9qu" not found
❌ tRPC failed on base.getById: Base "cmn2i12xy00017ktgj9lws9qu" not found
[next-auth][warn][NEXTAUTH_URL] 
https://next-auth.js.org/warnings#nextauth_url
[next-auth][warn][NEXTAUTH_URL] 
https://next-auth.js.org/warnings#nextauth_url
❌ tRPC failed on base.getById: Base "cmn2jixn8002d7ktgbqgamy2c" not found
❌ tRPC failed on base.getById: Base "cmn2jixn8002d7ktgbqgamy2c" not found
❌ tRPC failed on base.getById: Base "cmn2jixn8002d7ktgbqgamy2c" not found
❌ tRPC failed on base.getById: Base "cmn2jixn8002d7ktgbqgamy2c" not found
❌ tRPC failed on base.getById: Base "cmn2jixn8002d7ktgbqgamy2c" not found
[next-auth][warn][NEXTAUTH_URL] 
https://next-auth.js.org/warnings#nextauth_url
[next-auth][warn][NEXTAUTH_URL] 
https://next-auth.js.org/warnings#nextauth_url
[next-auth][warn][NEXTAUTH_URL] 
https://next-auth.js.org/warnings#nextauth_url
^C